[2026-08-16T17:26:09.426+08:00] Getting interface description
[2026-08-16T17:26:09.427+08:00] Interface description end
[2026-08-16T17:26:09.427+08:00] Uploading test info to server
[2026-08-16T17:26:09.427+08:00] UploadTestInfoToServer end
[2026-08-16T17:26:09.427+08:00] will get size
[2026-08-16T17:26:09.444+08:00] size: 1280x720
[2026-08-16T17:26:09.554+08:00] will get screenshot dimensions
[2026-08-16T17:26:09.731+08:00] screenshot dimensions 1280 x 720
[2026-08-16T17:26:09.731+08:00] calculated dpr: 1
[2026-08-16T17:26:09.731+08:00] shrunkShotToLogicalRatio 1
[2026-08-16T17:26:13.214+08:00] Getting interface description
[2026-08-16T17:26:13.215+08:00] Interface description end
[2026-08-16T17:26:13.215+08:00] Uploading test info to server
[2026-08-16T17:26:13.215+08:00] UploadTestInfoToServer end
[2026-08-16T17:26:13.215+08:00] will get size
[2026-08-16T17:26:13.215+08:00] size: 1280x720
[2026-08-16T17:26:13.269+08:00] will get screenshot dimensions
[2026-08-16T17:26:13.271+08:00] screenshot dimensions 1280 x 720
[2026-08-16T17:26:13.271+08:00] calculated dpr: 1
[2026-08-16T17:26:13.271+08:00] shrunkShotToLogicalRatio 1
[2026-08-16T17:26:14.603+08:00] Getting interface description
[2026-08-16T17:26:14.604+08:00] Interface description end
[2026-08-16T17:26:14.604+08:00] Uploading test info to server
[2026-08-16T17:26:14.604+08:00] UploadTestInfoToServer end
[2026-08-16T17:26:14.604+08:00] will get size
[2026-08-16T17:26:14.604+08:00] size: 1280x720
[2026-08-16T17:26:14.663+08:00] will get screenshot dimensions
[2026-08-16T17:26:14.665+08:00] screenshot dimensions 1280 x 720
[2026-08-16T17:26:14.665+08:00] calculated dpr: 1
[2026-08-16T17:26:14.665+08:00] shrunkShotToLogicalRatio 1
[2026-08-16T17:26:17.388+08:00] Getting interface description
[2026-08-16T17:26:17.388+08:00] Interface description end
[2026-08-16T17:26:17.389+08:00] Uploading test info to server
[2026-08-16T17:26:17.389+08:00] UploadTestInfoToServer end
[2026-08-16T17:26:17.389+08:00] will get size
[2026-08-16T17:26:17.390+08:00] size: 1280x720
[2026-08-16T17:26:17.449+08:00] will get screenshot dimensions
[2026-08-16T17:26:17.450+08:00] screenshot dimensions 1280 x 720
[2026-08-16T17:26:17.450+08:00] calculated dpr: 1
[2026-08-16T17:26:17.451+08:00] shrunkShotToLogicalRatio 1
[2026-08-16T17:26:18.717+08:00] Getting interface description
[2026-08-16T17:26:18.717+08:00] Interface description end
[2026-08-16T17:26:18.717+08:00] Uploading test info to server
[2026-08-16T17:26:18.718+08:00] UploadTestInfoToServer end
[2026-08-16T17:26:18.718+08:00] will get size
[2026-08-16T17:26:18.718+08:00] size: 1280x720
[2026-08-16T17:26:18.766+08:00] will get screenshot dimensions
[2026-08-16T17:26:18.768+08:00] screenshot dimensions 1280 x 720
[2026-08-16T17:26:18.768+08:00] calculated dpr: 1
[2026-08-16T17:26:18.768+08:00] shrunkShotToLogicalRatio 1
[2026-08-16T17:26:22.452+08:00] Getting interface description
[2026-08-16T17:26:22.452+08:00] Interface description end
[2026-08-16T17:26:22.452+08:00] Uploading test info to server
[2026-08-16T17:26:22.453+08:00] UploadTestInfoToServer end
[2026-08-16T17:26:22.453+08:00] will get size
[2026-08-16T17:26:22.453+08:00] size: 1280x720
[2026-08-16T17:26:22.503+08:00] will get screenshot dimensions
[2026-08-16T17:26:22.505+08:00] screenshot dimensions 1280 x 720
[2026-08-16T17:26:22.505+08:00] calculated dpr: 1
[2026-08-16T17:26:22.505+08:00] shrunkShotToLogicalRatio 1
[2026-08-16T17:26:23.068+08:00] Getting interface description
[2026-08-16T17:26:23.068+08:00] Interface description end
[2026-08-16T17:26:23.069+08:00] Uploading test info to server
[2026-08-16T17:26:23.069+08:00] UploadTestInfoToServer end
[2026-08-16T17:26:23.069+08:00] will get size
[2026-08-16T17:26:23.069+08:00] size: 1280x720
[2026-08-16T17:26:23.123+08:00] will get screenshot dimensions
[2026-08-16T17:26:23.125+08:00] screenshot dimensions 1280 x 720
[2026-08-16T17:26:23.126+08:00] calculated dpr: 1
[2026-08-16T17:26:23.126+08:00] shrunkShotToLogicalRatio 1
[2026-08-16T17:26:24.586+08:00] Getting interface description
[2026-08-16T17:26:24.587+08:00] Interface description end
[2026-08-16T17:26:24.587+08:00] Uploading test info to server
[2026-08-16T17:26:24.587+08:00] UploadTestInfoToServer end
[2026-08-16T17:26:24.587+08:00] will get size
[2026-08-16T17:26:24.587+08:00] size: 1280x720
[2026-08-16T17:26:24.644+08:00] will get screenshot dimensions
[2026-08-16T17:26:24.646+08:00] screenshot dimensions 1280 x 720
[2026-08-16T17:26:24.647+08:00] calculated dpr: 1
[2026-08-16T17:26:24.647+08:00] shrunkShotToLogicalRatio 1
[2026-08-16T17:26:27.667+08:00] Getting interface description
[2026-08-16T17:26:27.667+08:00] Interface description end
[2026-08-16T17:26:27.667+08:00] Uploading test info to server
[2026-08-16T17:26:27.668+08:00] UploadTestInfoToServer end
[2026-08-16T17:26:27.668+08:00] will get size
[2026-08-16T17:26:27.668+08:00] size: 1280x720
[2026-08-16T17:26:27.721+08:00] will get screenshot dimensions
[2026-08-16T17:26:27.722+08:00] screenshot dimensions 1280 x 720
[2026-08-16T17:26:27.722+08:00] calculated dpr: 1
[2026-08-16T17:26:27.723+08:00] shrunkShotToLogicalRatio 1
[2026-08-16T17:26:28.966+08:00] Getting interface description
[2026-08-16T17:26:28.966+08:00] Interface description end
[2026-08-16T17:26:28.966+08:00] Uploading test info to server
[2026-08-16T17:26:28.966+08:00] UploadTestInfoToServer end
[2026-08-16T17:26:28.966+08:00] will get size
[2026-08-16T17:26:28.967+08:00] size: 1280x720
[2026-08-16T17:26:29.025+08:00] will get screenshot dimensions
[2026-08-16T17:26:29.031+08:00] screenshot dimensions 1280 x 720
[2026-08-16T17:26:29.032+08:00] calculated dpr: 1
[2026-08-16T17:26:29.033+08:00] shrunkShotToLogicalRatio 1
[2026-08-16T17:26:29.054+08:00] Getting interface description
[2026-08-16T17:26:29.054+08:00] Interface description end
[2026-08-16T17:26:29.054+08:00] Uploading test info to server
[2026-08-16T17:26:29.054+08:00] UploadTestInfoToServer end
[2026-08-16T17:26:29.054+08:00] will get size
[2026-08-16T17:26:29.055+08:00] size: 1280x720
[2026-08-16T17:26:29.117+08:00] will get screenshot dimensions
[2026-08-16T17:26:29.119+08:00] screenshot dimensions 1280 x 720
[2026-08-16T17:26:29.119+08:00] calculated dpr: 1
[2026-08-16T17:26:29.119+08:00] shrunkShotToLogicalRatio 1
[2026-08-16T17:26:32.901+08:00] Getting interface description
[2026-08-16T17:26:32.902+08:00] Interface description end
[2026-08-16T17:26:32.903+08:00] Uploading test info to server
[2026-08-16T17:26:32.903+08:00] UploadTestInfoToServer end
[2026-08-16T17:26:32.904+08:00] will get size
[2026-08-16T17:26:32.904+08:00] size: 1280x720
[2026-08-16T17:26:32.968+08:00] will get screenshot dimensions
[2026-08-16T17:26:32.970+08:00] screenshot dimensions 1280 x 720
[2026-08-16T17:26:32.970+08:00] calculated dpr: 1
[2026-08-16T17:26:32.970+08:00] shrunkShotToLogicalRatio 1
[2026-08-16T17:26:34.036+08:00] Getting interface description
[2026-08-16T17:26:34.036+08:00] Interface description end
[2026-08-16T17:26:34.036+08:00] Uploading test info to server
[2026-08-16T17:26:34.037+08:00] UploadTestInfoToServer end
[2026-08-16T17:26:34.037+08:00] will get size
[2026-08-16T17:26:34.037+08:00] size: 1280x720
[2026-08-16T17:26:34.106+08:00] will get screenshot dimensions
[2026-08-16T17:26:34.107+08:00] screenshot dimensions 1280 x 720
[2026-08-16T17:26:34.107+08:00] calculated dpr: 1
[2026-08-16T17:26:34.107+08:00] shrunkShotToLogicalRatio 1
[2026-08-16T17:26:38.064+08:00] Getting interface description
[2026-08-16T17:26:38.065+08:00] Interface description end
[2026-08-16T17:26:38.065+08:00] Uploading test info to server
[2026-08-16T17:26:38.065+08:00] UploadTestInfoToServer end
[2026-08-16T17:26:38.065+08:00] will get size
[2026-08-16T17:26:38.065+08:00] size: 1280x720
[2026-08-16T17:26:38.114+08:00] will get screenshot dimensions
[2026-08-16T17:26:38.115+08:00] screenshot dimensions 1280 x 720
[2026-08-16T17:26:38.115+08:00] calculated dpr: 1
[2026-08-16T17:26:38.116+08:00] shrunkShotToLogicalRatio 1
[2026-08-16T17:26:38.681+08:00] Getting interface description
[2026-08-16T17:26:38.681+08:00] Interface description end
[2026-08-16T17:26:38.681+08:00] Uploading test info to server
[2026-08-16T17:26:38.681+08:00] UploadTestInfoToServer end
[2026-08-16T17:26:38.682+08:00] will get size
[2026-08-16T17:26:38.682+08:00] size: 1280x720
[2026-08-16T17:26:38.734+08:00] will get screenshot dimensions
[2026-08-16T17:26:38.735+08:00] screenshot dimensions 1280 x 720
[2026-08-16T17:26:38.735+08:00] calculated dpr: 1
[2026-08-16T17:26:38.736+08:00] shrunkShotToLogicalRatio 1
[2026-08-16T17:26:42.374+08:00] Getting interface description
[2026-08-16T17:26:42.374+08:00] Interface description end
[2026-08-16T17:26:42.374+08:00] Uploading test info to server
[2026-08-16T17:26:42.375+08:00] UploadTestInfoToServer end
[2026-08-16T17:26:42.375+08:00] will get size
[2026-08-16T17:26:42.375+08:00] size: 1280x720
[2026-08-16T17:26:42.434+08:00] will get screenshot dimensions
[2026-08-16T17:26:42.436+08:00] screenshot dimensions 1280 x 720
[2026-08-16T17:26:42.436+08:00] calculated dpr: 1
[2026-08-16T17:26:42.436+08:00] shrunkShotToLogicalRatio 1
[2026-08-16T17:26:42.997+08:00] Getting interface description
[2026-08-16T17:26:42.997+08:00] Interface description end
[2026-08-16T17:26:42.997+08:00] Uploading test info to server
[2026-08-16T17:26:42.997+08:00] UploadTestInfoToServer end
[2026-08-16T17:26:42.998+08:00] will get size
[2026-08-16T17:26:42.998+08:00] size: 1280x720
[2026-08-16T17:26:43.054+08:00] will get screenshot dimensions
[2026-08-16T17:26:43.056+08:00] screenshot dimensions 1280 x 720
[2026-08-16T17:26:43.056+08:00] calculated dpr: 1
[2026-08-16T17:26:43.056+08:00] shrunkShotToLogicalRatio 1
[2026-08-16T17:26:45.026+08:00] Getting interface description
[2026-08-16T17:26:45.027+08:00] Interface description end
[2026-08-16T17:26:45.027+08:00] Uploading test info to server
[2026-08-16T17:26:45.027+08:00] UploadTestInfoToServer end
[2026-08-16T17:26:45.027+08:00] will get size
[2026-08-16T17:26:45.027+08:00] size: 1280x720
[2026-08-16T17:26:45.080+08:00] will get screenshot dimensions
[2026-08-16T17:26:45.082+08:00] screenshot dimensions 1280 x 720
[2026-08-16T17:26:45.082+08:00] calculated dpr: 1
[2026-08-16T17:26:45.082+08:00] shrunkShotToLogicalRatio 1
[2026-08-16T17:26:47.127+08:00] Getting interface description
[2026-08-16T17:26:47.127+08:00] Interface description end
[2026-08-16T17:26:47.128+08:00] Uploading test info to server
[2026-08-16T17:26:47.128+08:00] UploadTestInfoToServer end
[2026-08-16T17:26:47.128+08:00] will get size
[2026-08-16T17:26:47.129+08:00] size: 1280x720
[2026-08-16T17:26:47.205+08:00] will get screenshot dimensions
[2026-08-16T17:26:47.207+08:00] screenshot dimensions 1280 x 720
[2026-08-16T17:26:47.208+08:00] calculated dpr: 1
[2026-08-16T17:26:47.208+08:00] shrunkShotToLogicalRatio 1
[2026-08-16T17:26:50.319+08:00] Getting interface description
[2026-08-16T17:26:50.319+08:00] Interface description end
[2026-08-16T17:26:50.320+08:00] Uploading test info to server
[2026-08-16T17:26:50.320+08:00] UploadTestInfoToServer end
[2026-08-16T17:26:50.320+08:00] will get size
[2026-08-16T17:26:50.320+08:00] size: 1280x720
[2026-08-16T17:26:50.393+08:00] will get screenshot dimensions
[2026-08-16T17:26:50.395+08:00] screenshot dimensions 1280 x 720
[2026-08-16T17:26:50.395+08:00] calculated dpr: 1
[2026-08-16T17:26:50.396+08:00] shrunkShotToLogicalRatio 1
[2026-08-16T17:26:50.966+08:00] Getting interface description
[2026-08-16T17:26:50.967+08:00] Interface description end
[2026-08-16T17:26:50.967+08:00] Uploading test info to server
[2026-08-16T17:26:50.967+08:00] UploadTestInfoToServer end
[2026-08-16T17:26:50.968+08:00] will get size
[2026-08-16T17:26:50.968+08:00] size: 1280x720
[2026-08-16T17:26:51.029+08:00] will get screenshot dimensions
[2026-08-16T17:26:51.030+08:00] screenshot dimensions 1280 x 720
[2026-08-16T17:26:51.031+08:00] calculated dpr: 1
[2026-08-16T17:26:51.031+08:00] shrunkShotToLogicalRatio 1
[2026-08-16T17:26:53.562+08:00] Getting interface description
[2026-08-16T17:26:53.563+08:00] Interface description end
[2026-08-16T17:26:53.563+08:00] Uploading test info to server
[2026-08-16T17:26:53.563+08:00] UploadTestInfoToServer end
[2026-08-16T17:26:53.563+08:00] will get size
[2026-08-16T17:26:53.564+08:00] size: 1280x720
[2026-08-16T17:26:53.619+08:00] will get screenshot dimensions
[2026-08-16T17:26:53.620+08:00] screenshot dimensions 1280 x 720
[2026-08-16T17:26:53.621+08:00] calculated dpr: 1
[2026-08-16T17:26:53.621+08:00] shrunkShotToLogicalRatio 1
[2026-08-16T17:26:55.662+08:00] Getting interface description
[2026-08-16T17:26:55.662+08:00] Interface description end
[2026-08-16T17:26:55.663+08:00] Uploading test info to server
[2026-08-16T17:26:55.663+08:00] UploadTestInfoToServer end
[2026-08-16T17:26:55.663+08:00] will get size
[2026-08-16T17:26:55.663+08:00] size: 1280x720
[2026-08-16T17:26:55.722+08:00] will get screenshot dimensions
[2026-08-16T17:26:55.723+08:00] screenshot dimensions 1280 x 720
[2026-08-16T17:26:55.724+08:00] calculated dpr: 1
[2026-08-16T17:26:55.724+08:00] shrunkShotToLogicalRatio 1
[2026-08-16T17:26:56.956+08:00] Getting interface description
[2026-08-16T17:26:56.956+08:00] Interface description end
[2026-08-16T17:26:56.956+08:00] Uploading test info to server
[2026-08-16T17:26:56.957+08:00] UploadTestInfoToServer end
[2026-08-16T17:26:56.957+08:00] will get size
[2026-08-16T17:26:56.957+08:00] size: 1280x720
[2026-08-16T17:26:57.015+08:00] will get screenshot dimensions
[2026-08-16T17:26:57.017+08:00] screenshot dimensions 1280 x 720
[2026-08-16T17:26:57.017+08:00] calculated dpr: 1
[2026-08-16T17:26:57.017+08:00] shrunkShotToLogicalRatio 1
[2026-08-16T17:31:15.965+08:00] Getting interface description
[2026-08-16T17:31:15.965+08:00] Interface description end
[2026-08-16T17:31:15.965+08:00] Uploading test info to server
[2026-08-16T17:31:15.966+08:00] UploadTestInfoToServer end
[2026-08-16T17:31:15.966+08:00] will get size
[2026-08-16T17:31:15.975+08:00] size: 1280x720
[2026-08-16T17:31:16.063+08:00] will get screenshot dimensions
[2026-08-16T17:31:16.239+08:00] screenshot dimensions 1280 x 720
[2026-08-16T17:31:16.239+08:00] calculated dpr: 1
[2026-08-16T17:31:16.239+08:00] shrunkShotToLogicalRatio 1
[2026-08-16T17:31:20.524+08:00] Getting interface description
[2026-08-16T17:31:20.524+08:00] Interface description end
[2026-08-16T17:31:20.525+08:00] Uploading test info to server
[2026-08-16T17:31:20.525+08:00] UploadTestInfoToServer end
[2026-08-16T17:31:20.525+08:00] will get size
[2026-08-16T17:31:20.525+08:00] size: 1280x720
[2026-08-16T17:31:20.586+08:00] will get screenshot dimensions
[2026-08-16T17:31:20.588+08:00] screenshot dimensions 1280 x 720
[2026-08-16T17:31:20.589+08:00] calculated dpr: 1
[2026-08-16T17:31:20.589+08:00] shrunkShotToLogicalRatio 1
[2026-08-16T17:31:21.212+08:00] Getting interface description
[2026-08-16T17:31:21.212+08:00] Interface description end
[2026-08-16T17:31:21.212+08:00] Uploading test info to server
[2026-08-16T17:31:21.212+08:00] UploadTestInfoToServer end
[2026-08-16T17:31:21.212+08:00] will get size
[2026-08-16T17:31:21.213+08:00] size: 1280x720
[2026-08-16T17:31:21.295+08:00] will get screenshot dimensions
[2026-08-16T17:31:21.297+08:00] screenshot dimensions 1280 x 720
[2026-08-16T17:31:21.297+08:00] calculated dpr: 1
[2026-08-16T17:31:21.298+08:00] shrunkShotToLogicalRatio 1
[2026-08-16T17:31:23.531+08:00] Getting interface description
[2026-08-16T17:31:23.532+08:00] Interface description end
[2026-08-16T17:31:23.532+08:00] Uploading test info to server
[2026-08-16T17:31:23.532+08:00] UploadTestInfoToServer end
[2026-08-16T17:31:23.532+08:00] will get size
[2026-08-16T17:31:23.533+08:00] size: 1280x720
[2026-08-16T17:31:23.595+08:00] will get screenshot dimensions
[2026-08-16T17:31:23.596+08:00] screenshot dimensions 1280 x 720
[2026-08-16T17:31:23.596+08:00] calculated dpr: 1
[2026-08-16T17:31:23.597+08:00] shrunkShotToLogicalRatio 1
[2026-08-16T17:31:24.157+08:00] Getting interface description
[2026-08-16T17:31:24.157+08:00] Interface description end
[2026-08-16T17:31:24.157+08:00] Uploading test info to server
[2026-08-16T17:31:24.157+08:00] UploadTestInfoToServer end
[2026-08-16T17:31:24.157+08:00] will get size
[2026-08-16T17:31:24.158+08:00] size: 1280x720
[2026-08-16T17:31:24.223+08:00] will get screenshot dimensions
[2026-08-16T17:31:24.224+08:00] screenshot dimensions 1280 x 720
[2026-08-16T17:31:24.224+08:00] calculated dpr: 1
[2026-08-16T17:31:24.224+08:00] shrunkShotToLogicalRatio 1
[2026-08-16T17:31:28.154+08:00] Getting interface description
[2026-08-16T17:31:28.154+08:00] Interface description end
[2026-08-16T17:31:28.154+08:00] Uploading test info to server
[2026-08-16T17:31:28.154+08:00] UploadTestInfoToServer end
[2026-08-16T17:31:28.155+08:00] will get size
[2026-08-16T17:31:28.155+08:00] size: 1280x720
[2026-08-16T17:31:28.201+08:00] will get screenshot dimensions
[2026-08-16T17:31:28.203+08:00] screenshot dimensions 1280 x 720
[2026-08-16T17:31:28.203+08:00] calculated dpr: 1
[2026-08-16T17:31:28.203+08:00] shrunkShotToLogicalRatio 1
[2026-08-16T17:31:28.800+08:00] Getting interface description
[2026-08-16T17:31:28.800+08:00] Interface description end
[2026-08-16T17:31:28.801+08:00] Uploading test info to server
[2026-08-16T17:31:28.801+08:00] UploadTestInfoToServer end
[2026-08-16T17:31:28.801+08:00] will get size
[2026-08-16T17:31:28.801+08:00] size: 1280x720
[2026-08-16T17:31:28.852+08:00] will get screenshot dimensions
[2026-08-16T17:31:28.853+08:00] screenshot dimensions 1280 x 720
[2026-08-16T17:31:28.854+08:00] calculated dpr: 1
[2026-08-16T17:31:28.854+08:00] shrunkShotToLogicalRatio 1
[2026-08-16T17:31:32.589+08:00] Getting interface description
[2026-08-16T17:31:32.590+08:00] Interface description end
[2026-08-16T17:31:32.590+08:00] Uploading test info to server
[2026-08-16T17:31:32.590+08:00] UploadTestInfoToServer end
[2026-08-16T17:31:32.590+08:00] will get size
[2026-08-16T17:31:32.590+08:00] size: 1280x720
[2026-08-16T17:31:32.647+08:00] will get screenshot dimensions
[2026-08-16T17:31:32.649+08:00] screenshot dimensions 1280 x 720
[2026-08-16T17:31:32.650+08:00] calculated dpr: 1
[2026-08-16T17:31:32.650+08:00] shrunkShotToLogicalRatio 1
[2026-08-16T17:31:33.214+08:00] Getting interface description
[2026-08-16T17:31:33.215+08:00] Interface description end
[2026-08-16T17:31:33.215+08:00] Uploading test info to server
[2026-08-16T17:31:33.215+08:00] UploadTestInfoToServer end
[2026-08-16T17:31:33.215+08:00] will get size
[2026-08-16T17:31:33.215+08:00] size: 1280x720
[2026-08-16T17:31:33.264+08:00] will get screenshot dimensions
[2026-08-16T17:31:33.265+08:00] screenshot dimensions 1280 x 720
[2026-08-16T17:31:33.265+08:00] calculated dpr: 1
[2026-08-16T17:31:33.265+08:00] shrunkShotToLogicalRatio 1
[2026-08-16T17:31:36.116+08:00] Getting interface description
[2026-08-16T17:31:36.116+08:00] Interface description end
[2026-08-16T17:31:36.116+08:00] Uploading test info to server
[2026-08-16T17:31:36.116+08:00] UploadTestInfoToServer end
[2026-08-16T17:31:36.116+08:00] will get size
[2026-08-16T17:31:36.117+08:00] size: 1280x720
[2026-08-16T17:31:36.171+08:00] will get screenshot dimensions
[2026-08-16T17:31:36.173+08:00] screenshot dimensions 1280 x 720
[2026-08-16T17:31:36.173+08:00] calculated dpr: 1
[2026-08-16T17:31:36.174+08:00] shrunkShotToLogicalRatio 1
[2026-08-16T17:31:36.752+08:00] Getting interface description
[2026-08-16T17:31:36.752+08:00] Interface description end
[2026-08-16T17:31:36.752+08:00] Uploading test info to server
[2026-08-16T17:31:36.752+08:00] UploadTestInfoToServer end
[2026-08-16T17:31:36.752+08:00] will get size
[2026-08-16T17:31:36.752+08:00] size: 1280x720
[2026-08-16T17:31:36.803+08:00] will get screenshot dimensions
[2026-08-16T17:31:36.805+08:00] screenshot dimensions 1280 x 720
[2026-08-16T17:31:36.805+08:00] calculated dpr: 1
[2026-08-16T17:31:36.805+08:00] shrunkShotToLogicalRatio 1
[2026-08-16T17:31:39.535+08:00] Getting interface description
[2026-08-16T17:31:39.535+08:00] Interface description end
[2026-08-16T17:31:39.536+08:00] Uploading test info to server
[2026-08-16T17:31:39.536+08:00] UploadTestInfoToServer end
[2026-08-16T17:31:39.536+08:00] will get size
[2026-08-16T17:31:39.536+08:00] size: 1280x720
[2026-08-16T17:31:39.597+08:00] will get screenshot dimensions
[2026-08-16T17:31:39.599+08:00] screenshot dimensions 1280 x 720
[2026-08-16T17:31:39.599+08:00] calculated dpr: 1
[2026-08-16T17:31:39.600+08:00] shrunkShotToLogicalRatio 1
[2026-08-16T17:31:42.620+08:00] Getting interface description
[2026-08-16T17:31:42.620+08:00] Interface description end
[2026-08-16T17:31:42.620+08:00] Uploading test info to server
[2026-08-16T17:31:42.620+08:00] UploadTestInfoToServer end
[2026-08-16T17:31:42.621+08:00] will get size
[2026-08-16T17:31:42.621+08:00] size: 1280x720
[2026-08-16T17:31:42.673+08:00] will get screenshot dimensions
[2026-08-16T17:31:42.675+08:00] screenshot dimensions 1280 x 720
[2026-08-16T17:31:42.675+08:00] calculated dpr: 1
[2026-08-16T17:31:42.675+08:00] shrunkShotToLogicalRatio 1
[2026-08-16T17:31:44.252+08:00] Getting interface description
[2026-08-16T17:31:44.253+08:00] Interface description end
[2026-08-16T17:31:44.253+08:00] Uploading test info to server
[2026-08-16T17:31:44.253+08:00] UploadTestInfoToServer end
[2026-08-16T17:31:44.253+08:00] will get size
[2026-08-16T17:31:44.253+08:00] size: 1280x720
[2026-08-16T17:31:44.309+08:00] will get screenshot dimensions
[2026-08-16T17:31:44.310+08:00] screenshot dimensions 1280 x 720
[2026-08-16T17:31:44.310+08:00] calculated dpr: 1
[2026-08-16T17:31:44.311+08:00] shrunkShotToLogicalRatio 1
[2026-08-16T17:31:44.322+08:00] Getting interface description
[2026-08-16T17:31:44.322+08:00] Interface description end
[2026-08-16T17:31:44.322+08:00] Uploading test info to server
[2026-08-16T17:31:44.322+08:00] UploadTestInfoToServer end
[2026-08-16T17:31:44.323+08:00] will get size
[2026-08-16T17:31:44.323+08:00] size: 1280x720
[2026-08-16T17:31:44.370+08:00] will get screenshot dimensions
[2026-08-16T17:31:44.372+08:00] screenshot dimensions 1280 x 720
[2026-08-16T17:31:44.372+08:00] calculated dpr: 1
[2026-08-16T17:31:44.372+08:00] shrunkShotToLogicalRatio 1
[2026-08-16T17:31:48.765+08:00] Getting interface description
[2026-08-16T17:31:48.766+08:00] Interface description end
[2026-08-16T17:31:48.766+08:00] Uploading test info to server
[2026-08-16T17:31:48.766+08:00] UploadTestInfoToServer end
[2026-08-16T17:31:48.766+08:00] will get size
[2026-08-16T17:31:48.766+08:00] size: 1280x720
[2026-08-16T17:31:48.822+08:00] will get screenshot dimensions
[2026-08-16T17:31:48.823+08:00] screenshot dimensions 1280 x 720
[2026-08-16T17:31:48.823+08:00] calculated dpr: 1
[2026-08-16T17:31:48.824+08:00] shrunkShotToLogicalRatio 1
[2026-08-16T17:31:49.381+08:00] Getting interface description
[2026-08-16T17:31:49.381+08:00] Interface description end
[2026-08-16T17:31:49.381+08:00] Uploading test info to server
[2026-08-16T17:31:49.381+08:00] UploadTestInfoToServer end
[2026-08-16T17:31:49.381+08:00] will get size
[2026-08-16T17:31:49.382+08:00] size: 1280x720
[2026-08-16T17:31:49.431+08:00] will get screenshot dimensions
[2026-08-16T17:31:49.432+08:00] screenshot dimensions 1280 x 720
[2026-08-16T17:31:49.432+08:00] calculated dpr: 1
[2026-08-16T17:31:49.433+08:00] shrunkShotToLogicalRatio 1
[2026-08-16T17:31:54.900+08:00] Getting interface description
[2026-08-16T17:31:54.900+08:00] Interface description end
[2026-08-16T17:31:54.901+08:00] Uploading test info to server
[2026-08-16T17:31:54.901+08:00] UploadTestInfoToServer end
[2026-08-16T17:31:54.901+08:00] will get size
[2026-08-16T17:31:54.901+08:00] size: 1280x720
[2026-08-16T17:31:54.952+08:00] will get screenshot dimensions
[2026-08-16T17:31:54.953+08:00] screenshot dimensions 1280 x 720
[2026-08-16T17:31:54.953+08:00] calculated dpr: 1
[2026-08-16T17:31:54.954+08:00] shrunkShotToLogicalRatio 1
[2026-08-16T17:31:57.985+08:00] Getting interface description
[2026-08-16T17:31:57.986+08:00] Interface description end
[2026-08-16T17:31:57.986+08:00] Uploading test info to server
[2026-08-16T17:31:57.987+08:00] UploadTestInfoToServer end
[2026-08-16T17:31:57.988+08:00] will get size
[2026-08-16T17:31:57.988+08:00] size: 1280x720
[2026-08-16T17:31:58.046+08:00] will get screenshot dimensions
[2026-08-16T17:31:58.048+08:00] screenshot dimensions 1280 x 720
[2026-08-16T17:31:58.048+08:00] calculated dpr: 1
[2026-08-16T17:31:58.048+08:00] shrunkShotToLogicalRatio 1
[2026-08-16T17:32:00.533+08:00] Getting interface description
[2026-08-16T17:32:00.533+08:00] Interface description end
[2026-08-16T17:32:00.533+08:00] Uploading test info to server
[2026-08-16T17:32:00.534+08:00] UploadTestInfoToServer end
[2026-08-16T17:32:00.534+08:00] will get size
[2026-08-16T17:32:00.534+08:00] size: 1280x720
[2026-08-16T17:32:00.591+08:00] will get screenshot dimensions
[2026-08-16T17:32:00.592+08:00] screenshot dimensions 1280 x 720
[2026-08-16T17:32:00.592+08:00] calculated dpr: 1
[2026-08-16T17:32:00.592+08:00] shrunkShotToLogicalRatio 1
[2026-08-16T17:32:01.146+08:00] Getting interface description
[2026-08-16T17:32:01.146+08:00] Interface description end
[2026-08-16T17:32:01.146+08:00] Uploading test info to server
[2026-08-16T17:32:01.147+08:00] UploadTestInfoToServer end
[2026-08-16T17:32:01.147+08:00] will get size
[2026-08-16T17:32:01.147+08:00] size: 1280x720
[2026-08-16T17:32:01.195+08:00] will get screenshot dimensions
[2026-08-16T17:32:01.197+08:00] screenshot dimensions 1280 x 720
[2026-08-16T17:32:01.197+08:00] calculated dpr: 1
[2026-08-16T17:32:01.197+08:00] shrunkShotToLogicalRatio 1
[2026-08-16T17:32:03.797+08:00] Getting interface description
[2026-08-16T17:32:03.798+08:00] Interface description end
[2026-08-16T17:32:03.798+08:00] Uploading test info to server
[2026-08-16T17:32:03.799+08:00] UploadTestInfoToServer end
[2026-08-16T17:32:03.799+08:00] will get size
[2026-08-16T17:32:03.799+08:00] size: 1280x720
[2026-08-16T17:32:03.879+08:00] will get screenshot dimensions
[2026-08-16T17:32:03.881+08:00] screenshot dimensions 1280 x 720
[2026-08-16T17:32:03.881+08:00] calculated dpr: 1
[2026-08-16T17:32:03.881+08:00] shrunkShotToLogicalRatio 1
[2026-08-16T17:32:05.913+08:00] Getting interface description
[2026-08-16T17:32:05.913+08:00] Interface description end
[2026-08-16T17:32:05.913+08:00] Uploading test info to server
[2026-08-16T17:32:05.914+08:00] UploadTestInfoToServer end
[2026-08-16T17:32:05.914+08:00] will get size
[2026-08-16T17:32:05.914+08:00] size: 1280x720
[2026-08-16T17:32:05.963+08:00] will get screenshot dimensions
[2026-08-16T17:32:05.965+08:00] screenshot dimensions 1280 x 720
[2026-08-16T17:32:05.965+08:00] calculated dpr: 1
[2026-08-16T17:32:05.965+08:00] shrunkShotToLogicalRatio 1
[2026-08-16T17:32:07.598+08:00] Getting interface description
[2026-08-16T17:32:07.599+08:00] Interface description end
[2026-08-16T17:32:07.599+08:00] Uploading test info to server
[2026-08-16T17:32:07.599+08:00] UploadTestInfoToServer end
[2026-08-16T17:32:07.599+08:00] will get size
[2026-08-16T17:32:07.600+08:00] size: 1280x720
[2026-08-16T17:32:07.658+08:00] will get screenshot dimensions
[2026-08-16T17:32:07.659+08:00] screenshot dimensions 1280 x 720
[2026-08-16T17:32:07.660+08:00] calculated dpr: 1
[2026-08-16T17:32:07.660+08:00] shrunkShotToLogicalRatio 1
[2026-08-16T17:39:12.920+08:00] Getting interface description
[2026-08-16T17:39:12.921+08:00] Interface description end
[2026-08-16T17:39:12.921+08:00] Uploading test info to server
[2026-08-16T17:39:12.921+08:00] UploadTestInfoToServer end
[2026-08-16T17:39:12.921+08:00] will get size
[2026-08-16T17:39:12.937+08:00] size: 1280x720
[2026-08-16T17:39:13.034+08:00] will get screenshot dimensions
[2026-08-16T17:39:13.215+08:00] screenshot dimensions 1280 x 720
[2026-08-16T17:39:13.215+08:00] calculated dpr: 1
[2026-08-16T17:39:13.215+08:00] shrunkShotToLogicalRatio 1
[2026-08-16T17:39:17.323+08:00] Getting interface description
[2026-08-16T17:39:17.323+08:00] Interface description end
[2026-08-16T17:39:17.323+08:00] Uploading test info to server
[2026-08-16T17:39:17.324+08:00] UploadTestInfoToServer end
[2026-08-16T17:39:17.324+08:00] will get size
[2026-08-16T17:39:17.324+08:00] size: 1280x720
[2026-08-16T17:39:17.391+08:00] will get screenshot dimensions
[2026-08-16T17:39:17.393+08:00] screenshot dimensions 1280 x 720
[2026-08-16T17:39:17.393+08:00] calculated dpr: 1
[2026-08-16T17:39:17.394+08:00] shrunkShotToLogicalRatio 1
[2026-08-16T17:39:18.071+08:00] Getting interface description
[2026-08-16T17:39:18.072+08:00] Interface description end
[2026-08-16T17:39:18.072+08:00] Uploading test info to server
[2026-08-16T17:39:18.072+08:00] UploadTestInfoToServer end
[2026-08-16T17:39:18.072+08:00] will get size
[2026-08-16T17:39:18.072+08:00] size: 1280x720
[2026-08-16T17:39:18.149+08:00] will get screenshot dimensions
[2026-08-16T17:39:18.151+08:00] screenshot dimensions 1280 x 720
[2026-08-16T17:39:18.151+08:00] calculated dpr: 1
[2026-08-16T17:39:18.151+08:00] shrunkShotToLogicalRatio 1
[2026-08-16T17:39:21.301+08:00] Getting interface description
[2026-08-16T17:39:21.301+08:00] Interface description end
[2026-08-16T17:39:21.301+08:00] Uploading test info to server
[2026-08-16T17:39:21.302+08:00] UploadTestInfoToServer end
[2026-08-16T17:39:21.302+08:00] will get size
[2026-08-16T17:39:21.302+08:00] size: 1280x720
[2026-08-16T17:39:21.357+08:00] will get screenshot dimensions
[2026-08-16T17:39:21.358+08:00] screenshot dimensions 1280 x 720
[2026-08-16T17:39:21.358+08:00] calculated dpr: 1
[2026-08-16T17:39:21.359+08:00] shrunkShotToLogicalRatio 1
[2026-08-16T17:39:21.913+08:00] Getting interface description
[2026-08-16T17:39:21.913+08:00] Interface description end
[2026-08-16T17:39:21.913+08:00] Uploading test info to server
[2026-08-16T17:39:21.913+08:00] UploadTestInfoToServer end
[2026-08-16T17:39:21.913+08:00] will get size
[2026-08-16T17:39:21.913+08:00] size: 1280x720
[2026-08-16T17:39:21.963+08:00] will get screenshot dimensions
[2026-08-16T17:39:21.964+08:00] screenshot dimensions 1280 x 720
[2026-08-16T17:39:21.964+08:00] calculated dpr: 1
[2026-08-16T17:39:21.965+08:00] shrunkShotToLogicalRatio 1
[2026-08-16T17:39:25.157+08:00] Getting interface description
[2026-08-16T17:39:25.158+08:00] Interface description end
[2026-08-16T17:39:25.158+08:00] Uploading test info to server
[2026-08-16T17:39:25.158+08:00] UploadTestInfoToServer end
[2026-08-16T17:39:25.159+08:00] will get size
[2026-08-16T17:39:25.160+08:00] size: 1280x720
[2026-08-16T17:39:25.232+08:00] will get screenshot dimensions
[2026-08-16T17:39:25.234+08:00] screenshot dimensions 1280 x 720
[2026-08-16T17:39:25.234+08:00] calculated dpr: 1
[2026-08-16T17:39:25.235+08:00] shrunkShotToLogicalRatio 1
[2026-08-16T17:39:25.823+08:00] Getting interface description
[2026-08-16T17:39:25.823+08:00] Interface description end
[2026-08-16T17:39:25.824+08:00] Uploading test info to server
[2026-08-16T17:39:25.824+08:00] UploadTestInfoToServer end
[2026-08-16T17:39:25.824+08:00] will get size
[2026-08-16T17:39:25.824+08:00] size: 1280x720
[2026-08-16T17:39:25.868+08:00] will get screenshot dimensions
[2026-08-16T17:39:25.870+08:00] screenshot dimensions 1280 x 720
[2026-08-16T17:39:25.870+08:00] calculated dpr: 1
[2026-08-16T17:39:25.870+08:00] shrunkShotToLogicalRatio 1
[2026-08-16T17:39:27.695+08:00] Getting interface description
[2026-08-16T17:39:27.695+08:00] Interface description end
[2026-08-16T17:39:27.695+08:00] Uploading test info to server
[2026-08-16T17:39:27.696+08:00] UploadTestInfoToServer end
[2026-08-16T17:39:27.696+08:00] will get size
[2026-08-16T17:39:27.696+08:00] size: 1280x720
[2026-08-16T17:39:27.761+08:00] will get screenshot dimensions
[2026-08-16T17:39:27.762+08:00] screenshot dimensions 1280 x 720
[2026-08-16T17:39:27.762+08:00] calculated dpr: 1
[2026-08-16T17:39:27.763+08:00] shrunkShotToLogicalRatio 1
[2026-08-16T17:39:28.337+08:00] Getting interface description
[2026-08-16T17:39:28.337+08:00] Interface description end
[2026-08-16T17:39:28.338+08:00] Uploading test info to server
[2026-08-16T17:39:28.338+08:00] UploadTestInfoToServer end
[2026-08-16T17:39:28.338+08:00] will get size
[2026-08-16T17:39:28.338+08:00] size: 1280x720
[2026-08-16T17:39:28.388+08:00] will get screenshot dimensions
[2026-08-16T17:39:28.390+08:00] screenshot dimensions 1280 x 720
[2026-08-16T17:39:28.390+08:00] calculated dpr: 1
[2026-08-16T17:39:28.390+08:00] shrunkShotToLogicalRatio 1
[2026-08-16T17:39:31.689+08:00] Getting interface description
[2026-08-16T17:39:31.690+08:00] Interface description end
[2026-08-16T17:39:31.690+08:00] Uploading test info to server
[2026-08-16T17:39:31.690+08:00] UploadTestInfoToServer end
[2026-08-16T17:39:31.690+08:00] will get size
[2026-08-16T17:39:31.690+08:00] size: 1280x720
[2026-08-16T17:39:31.742+08:00] will get screenshot dimensions
[2026-08-16T17:39:31.744+08:00] screenshot dimensions 1280 x 720
[2026-08-16T17:39:31.744+08:00] calculated dpr: 1
[2026-08-16T17:39:31.744+08:00] shrunkShotToLogicalRatio 1
[2026-08-16T17:39:32.336+08:00] Getting interface description
[2026-08-16T17:39:32.336+08:00] Interface description end
[2026-08-16T17:39:32.336+08:00] Uploading test info to server
[2026-08-16T17:39:32.336+08:00] UploadTestInfoToServer end
[2026-08-16T17:39:32.336+08:00] will get size
[2026-08-16T17:39:32.336+08:00] size: 1280x720
[2026-08-16T17:39:32.394+08:00] will get screenshot dimensions
[2026-08-16T17:39:32.396+08:00] screenshot dimensions 1280 x 720
[2026-08-16T17:39:32.396+08:00] calculated dpr: 1
[2026-08-16T17:39:32.396+08:00] shrunkShotToLogicalRatio 1
[2026-08-16T17:39:34.410+08:00] Getting interface description
[2026-08-16T17:39:34.410+08:00] Interface description end
[2026-08-16T17:39:34.410+08:00] Uploading test info to server
[2026-08-16T17:39:34.410+08:00] UploadTestInfoToServer end
[2026-08-16T17:39:34.410+08:00] will get size
[2026-08-16T17:39:34.411+08:00] size: 1280x720
[2026-08-16T17:39:34.472+08:00] will get screenshot dimensions
[2026-08-16T17:39:34.474+08:00] screenshot dimensions 1280 x 720
[2026-08-16T17:39:34.474+08:00] calculated dpr: 1
[2026-08-16T17:39:34.474+08:00] shrunkShotToLogicalRatio 1
[2026-08-16T17:39:39.496+08:00] Getting interface description
[2026-08-16T17:39:39.497+08:00] Interface description end
[2026-08-16T17:39:39.497+08:00] Uploading test info to server
[2026-08-16T17:39:39.497+08:00] UploadTestInfoToServer end
[2026-08-16T17:39:39.497+08:00] will get size
[2026-08-16T17:39:39.498+08:00] size: 1280x720
[2026-08-16T17:39:39.560+08:00] will get screenshot dimensions
[2026-08-16T17:39:39.561+08:00] screenshot dimensions 1280 x 720
[2026-08-16T17:39:39.561+08:00] calculated dpr: 1
[2026-08-16T17:39:39.562+08:00] shrunkShotToLogicalRatio 1
[2026-08-16T17:39:45.223+08:00] Getting interface description
[2026-08-16T17:39:45.224+08:00] Interface description end
[2026-08-16T17:39:45.224+08:00] Uploading test info to server
[2026-08-16T17:39:45.225+08:00] UploadTestInfoToServer end
[2026-08-16T17:39:45.225+08:00] will get size
[2026-08-16T17:39:45.225+08:00] size: 1280x720
[2026-08-16T17:39:45.289+08:00] will get screenshot dimensions
[2026-08-16T17:39:45.291+08:00] screenshot dimensions 1280 x 720
[2026-08-16T17:39:45.291+08:00] calculated dpr: 1
[2026-08-16T17:39:45.292+08:00] shrunkShotToLogicalRatio 1
[2026-08-16T17:39:45.856+08:00] Getting interface description
[2026-08-16T17:39:45.856+08:00] Interface description end
[2026-08-16T17:39:45.857+08:00] Uploading test info to server
[2026-08-16T17:39:45.857+08:00] UploadTestInfoToServer end
[2026-08-16T17:39:45.857+08:00] will get size
[2026-08-16T17:39:45.857+08:00] size: 1280x720
[2026-08-16T17:39:45.924+08:00] will get screenshot dimensions
[2026-08-16T17:39:45.926+08:00] screenshot dimensions 1280 x 720
[2026-08-16T17:39:45.926+08:00] calculated dpr: 1
[2026-08-16T17:39:45.927+08:00] shrunkShotToLogicalRatio 1
[2026-08-16T17:39:49.407+08:00] Getting interface description
[2026-08-16T17:39:49.408+08:00] Interface description end
[2026-08-16T17:39:49.408+08:00] Uploading test info to server
[2026-08-16T17:39:49.409+08:00] UploadTestInfoToServer end
[2026-08-16T17:39:49.409+08:00] will get size
[2026-08-16T17:39:49.409+08:00] size: 1280x720
[2026-08-16T17:39:49.467+08:00] will get screenshot dimensions
[2026-08-16T17:39:49.469+08:00] screenshot dimensions 1280 x 720
[2026-08-16T17:39:49.470+08:00] calculated dpr: 1
[2026-08-16T17:39:49.470+08:00] shrunkShotToLogicalRatio 1
[2026-08-16T17:39:52.490+08:00] Getting interface description
[2026-08-16T17:39:52.490+08:00] Interface description end
[2026-08-16T17:39:52.491+08:00] Uploading test info to server
[2026-08-16T17:39:52.491+08:00] UploadTestInfoToServer end
[2026-08-16T17:39:52.491+08:00] will get size
[2026-08-16T17:39:52.491+08:00] size: 1280x720
[2026-08-16T17:39:52.543+08:00] will get screenshot dimensions
[2026-08-16T17:39:52.545+08:00] screenshot dimensions 1280 x 720
[2026-08-16T17:39:52.545+08:00] calculated dpr: 1
[2026-08-16T17:39:52.546+08:00] shrunkShotToLogicalRatio 1
[2026-08-16T17:39:55.263+08:00] Getting interface description
[2026-08-16T17:39:55.264+08:00] Interface description end
[2026-08-16T17:39:55.264+08:00] Uploading test info to server
[2026-08-16T17:39:55.264+08:00] UploadTestInfoToServer end
[2026-08-16T17:39:55.264+08:00] will get size
[2026-08-16T17:39:55.264+08:00] size: 1280x720
[2026-08-16T17:39:55.320+08:00] will get screenshot dimensions
[2026-08-16T17:39:55.322+08:00] screenshot dimensions 1280 x 720
[2026-08-16T17:39:55.322+08:00] calculated dpr: 1
[2026-08-16T17:39:55.323+08:00] shrunkShotToLogicalRatio 1
[2026-08-16T17:39:55.893+08:00] Getting interface description
[2026-08-16T17:39:55.894+08:00] Interface description end
[2026-08-16T17:39:55.894+08:00] Uploading test info to server
[2026-08-16T17:39:55.894+08:00] UploadTestInfoToServer end
[2026-08-16T17:39:55.895+08:00] will get size
[2026-08-16T17:39:55.895+08:00] size: 1280x720
[2026-08-16T17:39:55.946+08:00] will get screenshot dimensions
[2026-08-16T17:39:55.947+08:00] screenshot dimensions 1280 x 720
[2026-08-16T17:39:55.947+08:00] calculated dpr: 1
[2026-08-16T17:39:55.947+08:00] shrunkShotToLogicalRatio 1
[2026-08-16T17:39:58.311+08:00] Getting interface description
[2026-08-16T17:39:58.311+08:00] Interface description end
[2026-08-16T17:39:58.312+08:00] Uploading test info to server
[2026-08-16T17:39:58.312+08:00] UploadTestInfoToServer end
[2026-08-16T17:39:58.312+08:00] will get size
[2026-08-16T17:39:58.313+08:00] size: 1280x720
[2026-08-16T17:39:58.385+08:00] will get screenshot dimensions
[2026-08-16T17:39:58.387+08:00] screenshot dimensions 1280 x 720
[2026-08-16T17:39:58.387+08:00] calculated dpr: 1
[2026-08-16T17:39:58.388+08:00] shrunkShotToLogicalRatio 1
[2026-08-16T18:10:27.575+08:00] Getting interface description
[2026-08-16T18:10:27.576+08:00] Interface description end
[2026-08-16T18:10:27.576+08:00] Uploading test info to server
[2026-08-16T18:10:27.576+08:00] UploadTestInfoToServer end
[2026-08-16T18:10:27.576+08:00] will get size
[2026-08-16T18:10:27.596+08:00] size: 1280x720
[2026-08-16T18:10:27.788+08:00] will get screenshot dimensions
[2026-08-16T18:10:27.984+08:00] screenshot dimensions 1280 x 720
[2026-08-16T18:10:27.984+08:00] calculated dpr: 1
[2026-08-16T18:10:27.984+08:00] shrunkShotToLogicalRatio 1
[2026-08-16T18:10:30.912+08:00] Getting interface description
[2026-08-16T18:10:30.912+08:00] Interface description end
[2026-08-16T18:10:30.912+08:00] Uploading test info to server
[2026-08-16T18:10:30.912+08:00] UploadTestInfoToServer end
[2026-08-16T18:10:30.913+08:00] will get size
[2026-08-16T18:10:30.913+08:00] size: 1280x720
[2026-08-16T18:10:30.966+08:00] will get screenshot dimensions
[2026-08-16T18:10:30.968+08:00] screenshot dimensions 1280 x 720
[2026-08-16T18:10:30.969+08:00] calculated dpr: 1
[2026-08-16T18:10:30.969+08:00] shrunkShotToLogicalRatio 1
[2026-08-16T18:10:30.984+08:00] Getting interface description
[2026-08-16T18:10:30.984+08:00] Interface description end
[2026-08-16T18:10:30.984+08:00] Uploading test info to server
[2026-08-16T18:10:30.984+08:00] UploadTestInfoToServer end
[2026-08-16T18:10:30.984+08:00] will get size
[2026-08-16T18:10:30.984+08:00] size: 1280x720
[2026-08-16T18:10:31.046+08:00] will get screenshot dimensions
[2026-08-16T18:10:31.048+08:00] screenshot dimensions 1280 x 720
[2026-08-16T18:10:31.048+08:00] calculated dpr: 1
[2026-08-16T18:10:31.049+08:00] shrunkShotToLogicalRatio 1
[2026-08-16T18:10:35.409+08:00] Getting interface description
[2026-08-16T18:10:35.410+08:00] Interface description end
[2026-08-16T18:10:35.410+08:00] Uploading test info to server
[2026-08-16T18:10:35.410+08:00] UploadTestInfoToServer end
[2026-08-16T18:10:35.410+08:00] will get size
[2026-08-16T18:10:35.410+08:00] size: 1280x720
[2026-08-16T18:10:35.441+08:00] will get screenshot dimensions
[2026-08-16T18:10:35.445+08:00] screenshot dimensions 1280 x 720
[2026-08-16T18:10:35.445+08:00] calculated dpr: 1
[2026-08-16T18:10:35.446+08:00] shrunkShotToLogicalRatio 1
[2026-08-16T18:10:36.038+08:00] Getting interface description
[2026-08-16T18:10:36.038+08:00] Interface description end
[2026-08-16T18:10:36.038+08:00] Uploading test info to server
[2026-08-16T18:10:36.038+08:00] UploadTestInfoToServer end
[2026-08-16T18:10:36.038+08:00] will get size
[2026-08-16T18:10:36.038+08:00] size: 1280x720
[2026-08-16T18:10:36.098+08:00] will get screenshot dimensions
[2026-08-16T18:10:36.101+08:00] screenshot dimensions 1280 x 720
[2026-08-16T18:10:36.101+08:00] calculated dpr: 1
[2026-08-16T18:10:36.101+08:00] shrunkShotToLogicalRatio 1
[2026-08-16T18:10:39.671+08:00] Getting interface description
[2026-08-16T18:10:39.671+08:00] Interface description end
[2026-08-16T18:10:39.671+08:00] Uploading test info to server
[2026-08-16T18:10:39.672+08:00] UploadTestInfoToServer end
[2026-08-16T18:10:39.672+08:00] will get size
[2026-08-16T18:10:39.672+08:00] size: 1280x720
[2026-08-16T18:10:39.711+08:00] will get screenshot dimensions
[2026-08-16T18:10:39.714+08:00] screenshot dimensions 1280 x 720
[2026-08-16T18:10:39.714+08:00] calculated dpr: 1
[2026-08-16T18:10:39.714+08:00] shrunkShotToLogicalRatio 1
[2026-08-16T18:10:42.731+08:00] Getting interface description
[2026-08-16T18:10:42.731+08:00] Interface description end
[2026-08-16T18:10:42.731+08:00] Uploading test info to server
[2026-08-16T18:10:42.732+08:00] UploadTestInfoToServer end
[2026-08-16T18:10:42.732+08:00] will get size
[2026-08-16T18:10:42.732+08:00] size: 1280x720
[2026-08-16T18:10:42.774+08:00] will get screenshot dimensions
[2026-08-16T18:10:42.777+08:00] screenshot dimensions 1280 x 720
[2026-08-16T18:10:42.777+08:00] calculated dpr: 1
[2026-08-16T18:10:42.777+08:00] shrunkShotToLogicalRatio 1
[2026-08-16T18:10:46.085+08:00] Getting interface description
[2026-08-16T18:10:46.085+08:00] Interface description end
[2026-08-16T18:10:46.086+08:00] Uploading test info to server
[2026-08-16T18:10:46.086+08:00] UploadTestInfoToServer end
[2026-08-16T18:10:46.086+08:00] will get size
[2026-08-16T18:10:46.087+08:00] size: 1280x720
[2026-08-16T18:10:46.145+08:00] will get screenshot dimensions
[2026-08-16T18:10:46.148+08:00] screenshot dimensions 1280 x 720
[2026-08-16T18:10:46.148+08:00] calculated dpr: 1
[2026-08-16T18:10:46.148+08:00] shrunkShotToLogicalRatio 1
[2026-08-16T18:10:46.722+08:00] Getting interface description
[2026-08-16T18:10:46.722+08:00] Interface description end
[2026-08-16T18:10:46.722+08:00] Uploading test info to server
[2026-08-16T18:10:46.723+08:00] UploadTestInfoToServer end
[2026-08-16T18:10:46.723+08:00] will get size
[2026-08-16T18:10:46.723+08:00] size: 1280x720
[2026-08-16T18:10:46.788+08:00] will get screenshot dimensions
[2026-08-16T18:10:46.790+08:00] screenshot dimensions 1280 x 720
[2026-08-16T18:10:46.790+08:00] calculated dpr: 1
[2026-08-16T18:10:46.790+08:00] shrunkShotToLogicalRatio 1
[2026-08-16T18:10:49.569+08:00] Getting interface description
[2026-08-16T18:10:49.569+08:00] Interface description end
[2026-08-16T18:10:49.569+08:00] Uploading test info to server
[2026-08-16T18:10:49.569+08:00] UploadTestInfoToServer end
[2026-08-16T18:10:49.569+08:00] will get size
[2026-08-16T18:10:49.570+08:00] size: 1280x720
[2026-08-16T18:10:49.613+08:00] will get screenshot dimensions
[2026-08-16T18:10:49.615+08:00] screenshot dimensions 1280 x 720
[2026-08-16T18:10:49.616+08:00] calculated dpr: 1
[2026-08-16T18:10:49.616+08:00] shrunkShotToLogicalRatio 1
[2026-08-16T18:10:51.644+08:00] Getting interface description
[2026-08-16T18:10:51.644+08:00] Interface description end
[2026-08-16T18:10:51.645+08:00] Uploading test info to server
[2026-08-16T18:10:51.645+08:00] UploadTestInfoToServer end
[2026-08-16T18:10:51.645+08:00] will get size
[2026-08-16T18:10:51.646+08:00] size: 1280x720
[2026-08-16T18:10:51.697+08:00] will get screenshot dimensions
[2026-08-16T18:10:51.699+08:00] screenshot dimensions 1280 x 720
[2026-08-16T18:10:51.700+08:00] calculated dpr: 1
[2026-08-16T18:10:51.700+08:00] shrunkShotToLogicalRatio 1
[2026-08-16T18:10:53.433+08:00] Getting interface description
[2026-08-16T18:10:53.433+08:00] Interface description end
[2026-08-16T18:10:53.433+08:00] Uploading test info to server
[2026-08-16T18:10:53.433+08:00] UploadTestInfoToServer end
[2026-08-16T18:10:53.433+08:00] will get size
[2026-08-16T18:10:53.434+08:00] size: 1280x720
[2026-08-16T18:10:53.479+08:00] will get screenshot dimensions
[2026-08-16T18:10:53.483+08:00] screenshot dimensions 1280 x 720
[2026-08-16T18:10:53.483+08:00] calculated dpr: 1
[2026-08-16T18:10:53.483+08:00] shrunkShotToLogicalRatio 1
